main.c:108:5:main	8	static
main.c:264:6:SystemClock_Config	72	static
main.c:296:6:Left_Forward	8	static
main.c:301:6:Right_Forward	8	static
main.c:307:6:Left_Backward	8	static
main.c:312:6:Right_Backward	8	static
main.c:318:6:Left_Stop	8	static
main.c:323:6:Right_Stop	8	static
main.c:329:6:Forward	8	static
main.c:335:6:Backward	8	static
main.c:341:6:Stop	8	static
main.c:346:6:Left_Rot	8	static
main.c:352:6:Right_Rot	8	static
main.c:358:6:Forward_Left_Turn	8	static
main.c:364:6:Forward_Right_Turn	8	static
main.c:370:6:Backward_Left_Turn	8	static
main.c:376:6:Backward_Right_Turn	8	static
main.c:383:6:Speed_Up	8	static
main.c:395:6:Speed_Down	8	static
main.c:407:6:Fixed_Speed	4	static
main.c:440:6:Error_Handler	4	static,ignoring_inline_asm
