main.c:90:5:main	8	static
main.c:181:6:SystemClock_Config	72	static
main.c:212:6:Left_Forward	8	static
main.c:217:6:Right_Forward	8	static
main.c:223:6:Left_Backward	8	static
main.c:228:6:Right_Backward	8	static
main.c:234:6:Left_Stop	8	static
main.c:239:6:Right_Stop	8	static
main.c:245:6:Forward	8	static
main.c:251:6:Backward	8	static
main.c:257:6:Stop	8	static
main.c:262:6:Left_Rot	8	static
main.c:268:6:Right_Rot	8	static
main.c:274:6:Left_Turn	8	static
main.c:279:6:Right_Turn	8	static
main.c:285:6:Speed_Up	8	static
main.c:297:6:Speed_Down	8	static
main.c:309:6:Fixed_Speed	4	static
main.c:342:6:Error_Handler	4	static,ignoring_inline_asm
